// Jest Snapshot v1, https://goo.gl/fbAQLP

exports[`should render doesNotExist component 1`] = `
<div>
  404! The page requested does not exist.
</div>
`;
