// Jest Snapshot v1, https://goo.gl/fbAQLP

exports[`should render edit expense 1`] = `
<div>
  <div
    className="page-header"
  >
    <div
      className="content-container"
    >
      <h1
        className="page-header__title"
      >
        Edit Expense
      </h1>
    </div>
  </div>
  <div
    className="content-container"
  >
    <ExpenseForm
      expense={
        Object {
          "amount": 10050,
          "createdAt": -345600000,
          "description": "Rent",
          "id": "2",
          "note": "",
        }
      }
      onSubmit={[Function]}
      text="Edit Expense"
    />
    <button
      className="button button--secondary"
      onClick={[Function]}
    >
      Remove
    </button>
  </div>
</div>
`;
