// Jest Snapshot v1, https://goo.gl/fbAQLP

exports[`should render Header component 1`] = `
<div>
  <h1>
    Expensify
  </h1>
  <NavLink
    activeClassName="isActive"
    to="/create"
  >
    Create Expense
  </NavLink>
  <NavLink
    activeClassName="isActive"
    to="/help"
  >
    Help
  </NavLink>
  <NavLink
    activeClassName="isActive"
    exact={true}
    to="/"
  >
    Dashboard
  </NavLink>
</div>
`;
